Microchip MPLAB XC8 Compiler V1.45 ()

Linker command line:

-W-3 --edf=C:\Program Files (x86)\Microchip\xc8\v1.45\dat\en_msgs.txt -cs \
  -h+dist/default/production\SmartPlugTP.X.production.sym \
  --cmf=dist/default/production\SmartPlugTP.X.production.cmf -z -Q16F877A \
  -oC:\Users\Marcos\AppData\Local\Temp\sa2k.2 \
  -Mdist/default/production/SmartPlugTP.X.production.map -E1 -ver=XC8 \
  --acfsm=1493 -ASTACK=0110h-016fh -pstack=STACK -ACODE=00h-07FFhx4 \
  -ASTRCODE=00h-01FFFh -ASTRING=00h-0FFhx32 -ACONST=00h-0FFhx32 \
  -AENTRY=00h-0FFhx32 -ACOMMON=070h-07Fh -ABANK0=020h-06Fh \
  -ABANK1=0A0h-0EFh -ABANK2=0110h-016Fh -ABANK3=0190h-01EFh \
  -ARAM=020h-06Fh,0A0h-0EFh,0110h-016Fh,0190h-01EFh \
  -AABS1=020h-07Fh,0A0h-0EFh,0110h-016Fh,0190h-01EFh -ASFR0=00h-01Fh \
  -ASFR1=080h-09Fh -ASFR2=0100h-010Fh -ASFR3=0180h-018Fh \
  -preset_vec=00h,intentry=04h,init,end_init -ppowerup=CODE -pcinit=CODE \
  -pfunctab=ENTRY -ACONFIG=02007h-02007h -pconfig=CONFIG -DCONFIG=2 \
  -AIDLOC=02000h-02003h -pidloc=IDLOC -DIDLOC=2 -AEEDATA=00h-0FFh/02100h \
  -peeprom_data=EEDATA -DEEDATA=2 -DCODE=2 -DSTRCODE=2 -DSTRING=2 -DCONST=2 \
  -DENTRY=2 -k C:\Users\Marcos\AppData\Local\Temp\sa2k.obj \
  dist/default/production\SmartPlugTP.X.production.obj 

Object code version is 3.11

Machine type is 16F877A



                Name                               Link     Load   Length Selector   Space Scale
C:\Users\Marcos\AppData\Local\Temp\sa2k.obj
                end_init                             12       12        3        8       0
                reset_vec                             0        0        3        0       0
                config                             2007     2007        1     400E       0
dist/default/production\SmartPlugTP.X.production.obj
                cinit                                15       15       13        8       0
                intentry                              4        4        E        8       0
                eeprom_data                           0     2100       18     4200       3
                text53                              B91      B91       3D     1722       0
                text52                              D32      D32       5D     1A64       0
                text51                              B1A      B1A       25     1634       0
                text50                              96B      96B        7     12D6       0
                text49                              AD6      AD6       21     15AC       0
                text48                              958      958        1     12B0       0
                text47                                3        3        1        0       0
                text46                              7D9      7D9       27        8       0
                text45                              97A      97A        A     12F4       0
                text44                              984      984        A     1308       0
                text43                              98E      98E        A     131C       0
                text42                              998      998        A     1330       0
                text41                              9A2      9A2        A     1344       0
                text40                              9AC      9AC        A     1358       0
                text39                              9B6      9B6        A     136C       0
                text38                              9C0      9C0        A     1380       0
                text37                              9CA      9CA        A     1394       0
                text36                              9D4      9D4        A     13A8       0
                text35                              9DE      9DE        A     13BC       0
                text34                              D8F      D8F       6E     1B1E       0
                text33                              BCE      BCE       3D     179C       0
                text32                              A78      A78       1F     14F0       0
                text31                              C4E      C4E       4B     189C       0
                text30                              CE5      CE5       4D     19CA       0
                text29                              C0B      C0B       43     1816       0
                text28                              B67      B67       2A     16CE       0
                text27                              A30      A30       16     1460       0
                text26                               28       28      221        8       0
                text25                              B3F      B3F       28     167E       0
                text24                              249      249      16E        8       0
                text23                              961      961        5     12C2       0
                text22                              F41      F41       BF     1E82       0
                text21                              966      966        5     12CC       0
                text20                              71A      71A       BF        8       0
                text19                              C99      C99       4C     1932       0
                text18                              A1E      A1E       12     143C       0
                text17                              659      659       C1        8       0
                text16                              598      598       C1        8       0
                text15                              A97      A97       1F     152E       0
                text14                              9FC      9FC        B     13F8       0
                text13                              E98      E98       A9     1D30       0
                text12                              AF7      AF7       23     15EE       0
                text11                              A12      A12        C     1424       0
                text10                              A46      A46       17     148C       0
                text9                               9E8      9E8        A     13D0       0
                text8                               A07      A07        B     140E       0
                text7                               9F2      9F2        A     13E4       0
                text6                               AB6      AB6       20     156C       0
                text5                               A5D      A5D       1B     14BA       0
                text4                               959      959        4     12B2       0
                text3                               95D      95D        4     12BA       0
                text2                               4BD      4BD       DB        8       0
                text1                               DFD      DFD       9B     1BFA       0
                maintext                            3B7      3B7      106        8       0
                cstackBANK0                          20       20       20       20       1
                cstackCOMMON                         76       76        6       70       1
                cstackBANK1                          A0       A0       34       A0       1
                cstackBANK3                         190      190       32      190       1
                clrtext                             972      972        8     12E4       0
                bssBANK1                             D4       D4       15       A0       1
                bssCOMMON                            70       70        6       70       1
                strings                             800      800       8C     1000       0

TOTAL           Name                               Link     Load   Length     Space
        CLASS   STACK          

        CLASS   CODE           
                end_init                             12       12        3         0
                cinit                                15       15       13         0
                intentry                              4        4        E         0
                reset_vec                             0        0        3         0
                text53                              B91      B91       3D         0
                text52                              D32      D32       5D         0
                text51                              B1A      B1A       25         0
                text50                              96B      96B        7         0
                text49                              AD6      AD6       21         0
                text48                              958      958        1         0
                text47                                3        3        1         0
                text46                              7D9      7D9       27         0
                text45                              97A      97A        A         0
                text44                              984      984        A         0
                text43                              98E      98E        A         0
                text42                              998      998        A         0
                text41                              9A2      9A2        A         0
                text40                              9AC      9AC        A         0
                text39                              9B6      9B6        A         0
                text38                              9C0      9C0        A         0
                text37                              9CA      9CA        A         0
                text36                              9D4      9D4        A         0
                text35                              9DE      9DE        A         0
                text34                              D8F      D8F       6E         0
                text33                              BCE      BCE       3D         0
                text32                              A78      A78       1F         0
                text31                              C4E      C4E       4B         0
                text30                              CE5      CE5       4D         0
                text29                              C0B      C0B       43         0
                text28                              B67      B67       2A         0
                text27                              A30      A30       16         0
                text26                               28       28      221         0
                text25                              B3F      B3F       28         0
                text24                              249      249      16E         0
                text23                              961      961        5         0
                text22                              F41      F41       BF         0
                text21                              966      966        5         0
                text20                              71A      71A       BF         0
                text19                              C99      C99       4C         0
                text18                              A1E      A1E       12         0
                text17                              659      659       C1         0
                text16                              598      598       C1         0
                text15                              A97      A97       1F         0
                text14                              9FC      9FC        B         0
                text13                              E98      E98       A9         0
                text12                              AF7      AF7       23         0
                text11                              A12      A12        C         0
                text10                              A46      A46       17         0
                text9                               9E8      9E8        A         0
                text8                               A07      A07        B         0
                text7                               9F2      9F2        A         0
                text6                               AB6      AB6       20         0
                text5                               A5D      A5D       1B         0
                text4                               959      959        4         0
                text3                               95D      95D        4         0
                text2                               4BD      4BD       DB         0
                text1                               DFD      DFD       9B         0
                maintext                            3B7      3B7      106         0
                clrtext                             972      972        8         0

        CLASS   STRCODE        

        CLASS   STRING         
                strings                             800      800       8C         0

        CLASS   CONST          

        CLASS   ENTRY          

        CLASS   COMMON         
                cstackCOMMON                         76       76        6         1
                bssCOMMON                            70       70        6         1

        CLASS   BANK0          
                cstackBANK0                          20       20       20         1

        CLASS   BANK1          
                cstackBANK1                          A0       A0       34         1
                bssBANK1                             D4       D4       15         1

        CLASS   BANK2          

        CLASS   BANK3          
                cstackBANK3                         190      190       32         1

        CLASS   RAM            

        CLASS   ABS1           
                abs_s1                               7E       7E        2         1

        CLASS   SFR0           

        CLASS   SFR1           

        CLASS   SFR2           

        CLASS   SFR3           

        CLASS   CONFIG         
                config                             2007     2007        1         0

        CLASS   IDLOC          

        CLASS   EEDATA         
                eeprom_data                           0     2100       18         3



SEGMENTS        Name                           Load    Length   Top    Selector   Space  Class     Delta

                reset_vec                      000000  000004  000004         0       0  CODE        2
                intentry                       000004  0007FC  000800         8       0  CODE        2
                cstackBANK0                    000020  000020  000040        20       1  BANK0       1
                bssCOMMON                      000070  00000C  00007C        70       1  COMMON      1
                cstackBANK1                    0000A0  000049  0000E9        A0       1  BANK1       1
                cstackBANK3                    000190  000032  0001C2       190       1  BANK3       1
                strings                        000800  00008C  00088C      1000       0  STRING      2
                text48                         000958  000001  000959      12B0       0  CODE        2
                text4                          000959  000004  00095D      12B2       0  CODE        2
                text3                          00095D  000004  000961      12BA       0  CODE        2
                text23                         000961  000005  000966      12C2       0  CODE        2
                text21                         000966  000005  00096B      12CC       0  CODE        2
                text50                         00096B  000007  000972      12D6       0  CODE        2
                clrtext                        000972  000008  00097A      12E4       0  CODE        2
                text45                         00097A  00000A  000984      12F4       0  CODE        2
                text44                         000984  00000A  00098E      1308       0  CODE        2
                text43                         00098E  00000A  000998      131C       0  CODE        2
                text42                         000998  00000A  0009A2      1330       0  CODE        2
                text41                         0009A2  00000A  0009AC      1344       0  CODE        2
                text40                         0009AC  00000A  0009B6      1358       0  CODE        2
                text39                         0009B6  00000A  0009C0      136C       0  CODE        2
                text38                         0009C0  00000A  0009CA      1380       0  CODE        2
                text37                         0009CA  00000A  0009D4      1394       0  CODE        2
                text36                         0009D4  00000A  0009DE      13A8       0  CODE        2
                text35                         0009DE  00000A  0009E8      13BC       0  CODE        2
                text9                          0009E8  00000A  0009F2      13D0       0  CODE        2
                text7                          0009F2  00000A  0009FC      13E4       0  CODE        2
                text14                         0009FC  00000B  000A07      13F8       0  CODE        2
                text8                          000A07  00000B  000A12      140E       0  CODE        2
                text11                         000A12  00000C  000A1E      1424       0  CODE        2
                text18                         000A1E  000012  000A30      143C       0  CODE        2
                text27                         000A30  000016  000A46      1460       0  CODE        2
                text10                         000A46  000017  000A5D      148C       0  CODE        2
                text5                          000A5D  00001B  000A78      14BA       0  CODE        2
                text32                         000A78  00001F  000A97      14F0       0  CODE        2
                text15                         000A97  00001F  000AB6      152E       0  CODE        2
                text6                          000AB6  000020  000AD6      156C       0  CODE        2
                text49                         000AD6  000021  000AF7      15AC       0  CODE        2
                text12                         000AF7  000023  000B1A      15EE       0  CODE        2
                text51                         000B1A  000025  000B3F      1634       0  CODE        2
                text25                         000B3F  000028  000B67      167E       0  CODE        2
                text28                         000B67  00002A  000B91      16CE       0  CODE        2
                text53                         000B91  00003D  000BCE      1722       0  CODE        2
                text33                         000BCE  00003D  000C0B      179C       0  CODE        2
                text29                         000C0B  000043  000C4E      1816       0  CODE        2
                text31                         000C4E  00004B  000C99      189C       0  CODE        2
                text19                         000C99  00004C  000CE5      1932       0  CODE        2
                text30                         000CE5  00004D  000D32      19CA       0  CODE        2
                text52                         000D32  00005D  000D8F      1A64       0  CODE        2
                text34                         000D8F  00006E  000DFD      1B1E       0  CODE        2
                text1                          000DFD  00009B  000E98      1BFA       0  CODE        2
                text13                         000E98  0000A9  000F41      1D30       0  CODE        2
                text22                         000F41  0000BF  001000      1E82       0  CODE        2
                config                         002007  000001  002008      400E       0  CONFIG      2
                eeprom_data                    002100  000018  002118      4200       3  EEDATA      2


UNUSED ADDRESS RANGES

        Name                Unused          Largest block    Delta
        BANK0            0040-006F             30           1
        BANK1            00E9-00EF              7           1
        BANK2            0110-016F             60           1
        BANK3            01C2-01EF             2E           1
        CODE             088C-0957             CC           2
                         1000-1FFF            800
        COMMON           007C-007D              2           1
        CONST            088C-0957             74           2
                         1000-1FFF            100
        EEDATA           2118-21FF             E8           2
        ENTRY            088C-0957             74           2
                         1000-1FFF            100
        IDLOC            2000-2003              4           2
        RAM              0040-006F             30           1
                         00E9-00EF              7
                         0110-016F             60
                         01C2-01EF             2E
        SFR0             0000-001F             20           1
        SFR1             0080-009F             20           1
        SFR2             0100-010F             10           1
        SFR3             0180-018F             10           1
        STACK            0110-016F             60           1
        STRCODE          088C-0957             CC           2
                         1000-1FFF           1000
        STRING           088C-0957             74           2
                         1000-1FFF            100

                                  Symbol Table

?___lwdiv                                           cstackBANK0  0020
?___lwmod                                           cstackBANK0  0028
?___wmul                                            cstackBANK0  0020
?_obtemConvercaoAD                                  cstackBANK0  0024
?_sprintf                                           cstackBANK0  002E
?_strlen                                            cstackBANK0  0020
_ADCON0bits                                         (abs)        001F
_ADCON1bits                                         (abs)        009F
_ADRESH                                             (abs)        001E
_ADRESL                                             (abs)        009E
_CARRY                                              (abs)        0018
_CCP2CON                                            (abs)        001D
_CCP2CONbits                                        (abs)        001D
_CCPR2L                                             (abs)        001B
_EEADR                                              (abs)        010D
_EECON1                                             (abs)        018C
_EECON2                                             (abs)        018D
_EEDATA                                             (abs)        010C
_GIE                                                (abs)        005F
_INT0_init                                          text50       096B
_INTCONbits                                         (abs)        000B
_OPTION_REGbits                                     (abs)        0081
_PIE1bits                                           (abs)        008C
_PIR1bits                                           (abs)        000C
_PORTCbits                                          (abs)        0007
_PR2                                                (abs)        0092
_RB1                                                (abs)        0031
_RB2                                                (abs)        0032
_RB3                                                (abs)        0033
_RB4                                                (abs)        0034
_RB5                                                (abs)        0035
_RB6                                                (abs)        0036
_RB7                                                (abs)        0037
_RC2                                                (abs)        003A
_RC3                                                (abs)        003B
_RC4                                                (abs)        003C
_RC5                                                (abs)        003D
_RCIE                                               (abs)        0465
_RCIF                                               (abs)        0065
_RCREG                                              (abs)        001A
_RCSTAbits                                          (abs)        0018
_RD                                                 (abs)        0C60
_RD0                                                (abs)        0040
_RD1                                                (abs)        0041
_RD2                                                (abs)        0042
_RD3                                                (abs)        0043
_RD4                                                (abs)        0044
_RD5                                                (abs)        0045
_RD6                                                (abs)        0046
_RD7                                                (abs)        0047
_SPBRG                                              (abs)        0099
_T1CONbits                                          (abs)        0010
_T2CONbits                                          (abs)        0012
_TMR2ON                                             (abs)        0092
_TRISAbits                                          (abs)        0085
_TRISBbits                                          (abs)        0086
_TRISCbits                                          (abs)        0087
_TRISDbits                                          (abs)        0088
_TRISEbits                                          (abs)        0089
_TRMT                                               (abs)        04C1
_TXIE                                               (abs)        0464
_TXIF                                               (abs)        0064
_TXREG                                              (abs)        0019
_TXSTAbits                                          (abs)        0098
_WR                                                 (abs)        0C61
_WREN                                               (abs)        0C62
__Babs1                                             abs1         4230
__Bbank0                                            bank0        4230
__Bbank1                                            bank1        4230
__Bbank2                                            bank2        4230
__Bbank3                                            bank3        4230
__BbssBANK1                                         bssBANK1     4230
__BbssCOMMON                                        bssCOMMON    4230
__Bclrtext                                          clrtext      4230
__Bcode                                             code         4230
__Bcommon                                           common       4230
__BcstackBANK0                                      cstackBANK0  4230
__BcstackBANK1                                      cstackBANK1  4230
__BcstackBANK3                                      cstackBANK3  4230
__BcstackCOMMON                                     cstackCOMMON 4230
__Beeprom_data                                      eeprom_data  2100
__Bmaintext                                         maintext     4230
__Bram                                              ram          4230
__Bsfr0                                             sfr0         4230
__Bsfr1                                             sfr1         4230
__Bsfr2                                             sfr2         4230
__Bsfr3                                             sfr3         4230
__Bstrings                                          strings      4230
__Btext                                             text         4230
__CFG_BOREN$ON                                      (abs)        0000
__CFG_CP$OFF                                        (abs)        0000
__CFG_CPD$OFF                                       (abs)        0000
__CFG_FOSC$HS                                       (abs)        0000
__CFG_LVP$OFF                                       (abs)        0000
__CFG_PWRTE$OFF                                     (abs)        0000
__CFG_WDTE$OFF                                      (abs)        0000
__Habs1                                             abs1         0030
__Hbank0                                            bank0        0030
__Hbank1                                            bank1        0030
__Hbank2                                            bank2        0030
__Hbank3                                            bank3        0030
__HbssBANK1                                         bssBANK1     0030
__HbssCOMMON                                        bssCOMMON    0030
__Hcinit                                            cinit        0028
__Hclrtext                                          clrtext      0030
__Hcode                                             code         0030
__Hcommon                                           common       0030
__Hconfig                                           config       2008
__HcstackBANK0                                      cstackBANK0  0030
__HcstackBANK1                                      cstackBANK1  0030
__HcstackBANK3                                      cstackBANK3  0030
__HcstackCOMMON                                     cstackCOMMON 0030
__Heeprom_data                                      eeprom_data  0018
__Hend_init                                         end_init     0015
__Hfunctab                                          functab      0000
__Hidloc                                            idloc        0000
__Hinit                                             init         0012
__Hintentry                                         intentry     0012
__Hmaintext                                         maintext     0030
__Hpowerup                                          powerup      0000
__Hram                                              ram          0030
__Hreset_vec                                        reset_vec    0003
__Hsfr0                                             sfr0         0030
__Hsfr1                                             sfr1         0030
__Hsfr2                                             sfr2         0030
__Hsfr3                                             sfr3         0030
__Hspace_0                                          (abs)        2008
__Hspace_1                                          (abs)        01C2
__Hspace_2                                          (abs)        0000
__Hspace_3                                          (abs)        0018
__Hstack                                            stack        0000
__Hstrings                                          strings      0030
__Htext                                             text         0030
__Labs1                                             abs1         0030
__Lbank0                                            bank0        0030
__Lbank1                                            bank1        0030
__Lbank2                                            bank2        0030
__Lbank3                                            bank3        0030
__LbssBANK1                                         bssBANK1     0030
__LbssCOMMON                                        bssCOMMON    0030
__Lcinit                                            cinit        0015
__Lclrtext                                          clrtext      0030
__Lcode                                             code         0030
__Lcommon                                           common       0030
__Lconfig                                           config       2007
__LcstackBANK0                                      cstackBANK0  0030
__LcstackBANK1                                      cstackBANK1  0030
__LcstackBANK3                                      cstackBANK3  0030
__LcstackCOMMON                                     cstackCOMMON 0030
__Leeprom_data                                      eeprom_data  0000
__Lend_init                                         end_init     0012
__Lfunctab                                          functab      0000
__Lidloc                                            idloc        0000
__Linit                                             init         0012
__Lintentry                                         intentry     0004
__Lmaintext                                         maintext     0030
__Lpowerup                                          powerup      0000
__Lram                                              ram          0030
__Lreset_vec                                        reset_vec    0000
__Lsfr0                                             sfr0         0030
__Lsfr1                                             sfr1         0030
__Lsfr2                                             sfr2         0030
__Lsfr3                                             sfr3         0030
__Lspace_0                                          (abs)        0000
__Lspace_1                                          (abs)        0000
__Lspace_2                                          (abs)        0000
__Lspace_3                                          (abs)        0000
__Lstack                                            stack        0000
__Lstrings                                          strings      0030
__Ltext                                             text         0030
__S0                                                (abs)        2008
__S1                                                (abs)        01C2
__S2                                                (abs)        0000
__S3                                                (abs)        2118
___int_sp                                           stack        0000
___latbits                                          (abs)        0002
___lwdiv                                            text30       0CE5
___lwdiv@counter                                    cstackBANK0  0025
___lwdiv@dividend                                   cstackBANK0  0022
___lwdiv@divisor                                    cstackBANK0  0020
___lwdiv@quotient                                   cstackBANK0  0026
___lwmod                                            text29       0C0B
___lwmod@counter                                    cstackBANK0  002D
___lwmod@dividend                                   cstackBANK0  002A
___lwmod@divisor                                    cstackBANK0  0028
___sp                                               stack        0000
___wmul                                             text28       0B67
___wmul@multiplicand                                cstackBANK0  0022
___wmul@multiplier                                  cstackBANK0  0020
___wmul@product                                     cstackBANK0  0024
__end_of_INT0_init                                  text50       0972
__end_of___lwdiv                                    text30       0D32
__end_of___lwmod                                    text29       0C4E
__end_of___wmul                                     text28       0B91
__end_of__initialization                            cinit        0024
__end_of__stringtab                                 strings      0806
__end_of_atualizaPainelDeLed                        text18       0A30
__end_of_checaBotaoAjustes                          text49       0AF7
__end_of_delay_ms                                   text46       0800
__end_of_delay_us                                   text32       0A97
__end_of_desligaModuloBoost                         text48       0959
__end_of_desligaPainelLed                           text9        09F2
__end_of_dpowers                                    strings      0810
__end_of_entraEmModoAjuste                          text19       0CE5
__end_of_enviaStringPelaUart                        text33       0C0B
__end_of_executaTesteDosSensores                    text15       0AB6
__end_of_exibeNumero0                               text45       0984
__end_of_exibeNumero1                               text44       098E
__end_of_exibeNumero2                               text43       0998
__end_of_exibeNumero3                               text42       09A2
__end_of_exibeNumero4                               text41       09AC
__end_of_exibeNumero5                               text40       09B6
__end_of_exibeNumero6                               text39       09C0
__end_of_exibeNumero7                               text38       09CA
__end_of_exibeNumero8                               text37       09D4
__end_of_exibeNumero9                               text36       09DE
__end_of_exibeNumeroA                               text35       09E8
__end_of_exibeNumeroNenhum                          text8        0A12
__end_of_exibeNumeroP                               text14       0A07
__end_of_exibeQuantidadeDeSensores                  text34       0DFD
__end_of_giraDisplay                                text13       0F41
__end_of_iniHardware                                text12       0B1A
__end_of_iniTimer1                                  text11       0A1E
__end_of_iniUart                                    text10       0A5D
__end_of_inicializaDisplay                          text6        0AD6
__end_of_isdigit                                    text27       0A46
__end_of_ligaLEDVerdeBateria                        text4        095D
__end_of_ligaLEDVermelhoBateria                     text3        0961
__end_of_ligaModuloBoost                            text47       0004
__end_of_ligaPainelLed                              text7        09FC
__end_of_liga_PWM2                                  text5        0A78
__end_of_main                                       maintext     04BD
__end_of_modoTeste20                                text22       1000
__end_of_modoTeste9                                 text20       07D9
__end_of_obtemConvercaoAD                           text31       0C99
__end_of_obtemNivelDeBateria                        text2        0598
__end_of_obtemQuantidadeDeSensores                  text24       03B7
__end_of_obtemTesteDoGoundBolt                      text1        0E98
__end_of_operacoesEmTick                            text53       0BCE
__end_of_setaSaidaEm20Volts                         text23       0966
__end_of_setaSaidaEm9Volts                          text21       096B
__end_of_sprintf                                    text26       0249
__end_of_strlen                                     text25       0B67
__end_of_testaSaidaPulsadaEm20Volts                 text17       071A
__end_of_testaSaidaPulsadaEm9Volts                  text16       0659
__end_of_trataEntradaPulsada                        text52       0D8F
__end_of_trataInterrupcao                           text51       0B3F
__initialization                                    cinit        0015
__pbssBANK1                                         bssBANK1     00D4
__pbssCOMMON                                        bssCOMMON    0070
__pcstackBANK0                                      cstackBANK0  0020
__pcstackBANK1                                      cstackBANK1  00A0
__pcstackBANK3                                      cstackBANK3  0190
__pcstackCOMMON                                     cstackCOMMON 0076
__pintentry                                         intentry     0004
__pmaintext                                         maintext     03B7
__pstrings                                          strings      0800
__ptext1                                            text1        0DFD
__ptext10                                           text10       0A46
__ptext11                                           text11       0A12
__ptext12                                           text12       0AF7
__ptext13                                           text13       0E98
__ptext14                                           text14       09FC
__ptext15                                           text15       0A97
__ptext16                                           text16       0598
__ptext17                                           text17       0659
__ptext18                                           text18       0A1E
__ptext19                                           text19       0C99
__ptext2                                            text2        04BD
__ptext20                                           text20       071A
__ptext21                                           text21       0966
__ptext22                                           text22       0F41
__ptext23                                           text23       0961
__ptext24                                           text24       0249
__ptext25                                           text25       0B3F
__ptext26                                           text26       0028
__ptext27                                           text27       0A30
__ptext28                                           text28       0B67
__ptext29                                           text29       0C0B
__ptext3                                            text3        095D
__ptext30                                           text30       0CE5
__ptext31                                           text31       0C4E
__ptext32                                           text32       0A78
__ptext33                                           text33       0BCE
__ptext34                                           text34       0D8F
__ptext35                                           text35       09DE
__ptext36                                           text36       09D4
__ptext37                                           text37       09CA
__ptext38                                           text38       09C0
__ptext39                                           text39       09B6
__ptext4                                            text4        0959
__ptext40                                           text40       09AC
__ptext41                                           text41       09A2
__ptext42                                           text42       0998
__ptext43                                           text43       098E
__ptext44                                           text44       0984
__ptext45                                           text45       097A
__ptext46                                           text46       07D9
__ptext47                                           text47       0003
__ptext48                                           text48       0958
__ptext49                                           text49       0AD6
__ptext5                                            text5        0A5D
__ptext50                                           text50       096B
__ptext51                                           text51       0B1A
__ptext52                                           text52       0D32
__ptext53                                           text53       0B91
__ptext6                                            text6        0AB6
__ptext7                                            text7        09F2
__ptext8                                            text8        0A07
__ptext9                                            text9        09E8
__size_of_INT0_init                                 (abs)        0000
__size_of___lwdiv                                   (abs)        0000
__size_of___lwmod                                   (abs)        0000
__size_of___wmul                                    (abs)        0000
__size_of_atualizaPainelDeLed                       (abs)        0000
__size_of_checaBotaoAjustes                         (abs)        0000
__size_of_delay_ms                                  (abs)        0000
__size_of_delay_us                                  (abs)        0000
__size_of_desligaModuloBoost                        (abs)        0000
__size_of_desligaPainelLed                          (abs)        0000
__size_of_entraEmModoAjuste                         (abs)        0000
__size_of_enviaStringPelaUart                       (abs)        0000
__size_of_executaTesteDosSensores                   (abs)        0000
__size_of_exibeNumero0                              (abs)        0000
__size_of_exibeNumero1                              (abs)        0000
__size_of_exibeNumero2                              (abs)        0000
__size_of_exibeNumero3                              (abs)        0000
__size_of_exibeNumero4                              (abs)        0000
__size_of_exibeNumero5                              (abs)        0000
__size_of_exibeNumero6                              (abs)        0000
__size_of_exibeNumero7                              (abs)        0000
__size_of_exibeNumero8                              (abs)        0000
__size_of_exibeNumero9                              (abs)        0000
__size_of_exibeNumeroA                              (abs)        0000
__size_of_exibeNumeroNenhum                         (abs)        0000
__size_of_exibeNumeroP                              (abs)        0000
__size_of_exibeQuantidadeDeSensores                 (abs)        0000
__size_of_giraDisplay                               (abs)        0000
__size_of_iniHardware                               (abs)        0000
__size_of_iniTimer1                                 (abs)        0000
__size_of_iniUart                                   (abs)        0000
__size_of_inicializaDisplay                         (abs)        0000
__size_of_isdigit                                   (abs)        0000
__size_of_ligaLEDVerdeBateria                       (abs)        0000
__size_of_ligaLEDVermelhoBateria                    (abs)        0000
__size_of_ligaModuloBoost                           (abs)        0000
__size_of_ligaPainelLed                             (abs)        0000
__size_of_liga_PWM2                                 (abs)        0000
__size_of_main                                      (abs)        0000
__size_of_modoTeste20                               (abs)        0000
__size_of_modoTeste9                                (abs)        0000
__size_of_obtemConvercaoAD                          (abs)        0000
__size_of_obtemNivelDeBateria                       (abs)        0000
__size_of_obtemQuantidadeDeSensores                 (abs)        0000
__size_of_obtemTesteDoGoundBolt                     (abs)        0000
__size_of_operacoesEmTick                           (abs)        0000
__size_of_setaSaidaEm20Volts                        (abs)        0000
__size_of_setaSaidaEm9Volts                         (abs)        0000
__size_of_sprintf                                   (abs)        0000
__size_of_strlen                                    (abs)        0000
__size_of_testaSaidaPulsadaEm20Volts                (abs)        0000
__size_of_testaSaidaPulsadaEm9Volts                 (abs)        0000
__size_of_trataEntradaPulsada                       (abs)        0000
__size_of_trataInterrupcao                          (abs)        0000
__stringbase                                        strings      0805
__stringtab                                         strings      0800
_atualizaPainelDeLed                                text18       0A1E
_checaBotaoAjustes                                  text49       0AD6
_delay_ms                                           text46       07D9
_delay_us                                           text32       0A78
_desligaModuloBoost                                 text48       0958
_desligaPainelLed                                   text9        09E8
_dpowers                                            strings      0806
_entraEmModoAjuste                                  text19       0C99
_enviaStringPelaUart                                text33       0BCE
_estadoDoSinal                                      bssBANK1     00DF
_executaTesteDosSensores                            text15       0A97
_exibeNumero0                                       text45       097A
_exibeNumero1                                       text44       0984
_exibeNumero2                                       text43       098E
_exibeNumero3                                       text42       0998
_exibeNumero4                                       text41       09A2
_exibeNumero5                                       text40       09AC
_exibeNumero6                                       text39       09B6
_exibeNumero7                                       text38       09C0
_exibeNumero8                                       text37       09CA
_exibeNumero9                                       text36       09D4
_exibeNumeroA                                       text35       09DE
_exibeNumeroNenhum                                  text8        0A07
_exibeNumeroP                                       text14       09FC
_exibeQuantidadeDeSensores                          text34       0D8F
_falhaPulsoDeEntrada                                bssBANK1     00E5
_flagErroDeLeitura                                  bssBANK1     00E7
_flagErrroDeAmplitude                               bssBANK1     00E2
_flagNivelDeBateria                                 bssBANK1     00E4
_flagTempoDeReacaoDoSensor                          bssCOMMON    0074
_giraDisplay                                        text13       0E98
_iniHardware                                        text12       0AF7
_iniTimer1                                          text11       0A12
_iniUart                                            text10       0A46
_inicializaDisplay                                  text6        0AB6
_isdigit                                            text27       0A30
_isdigit$1225                                       cstackBANK0  0020
_ligaLEDVerdeBateria                                text4        0959
_ligaLEDVermelhoBateria                             text3        095D
_ligaModuloBoost                                    text47       0003
_ligaPainelLed                                      text7        09F2
_liga_PWM2                                          text5        0A5D
_main                                               maintext     03B7
_modoTeste20                                        text22       0F41
_modoTeste9                                         text20       071A
_numeroDePulsos                                     bssCOMMON    0072
_numeroDeSensores                                   bssCOMMON    0075
_obtemConvercaoAD                                   text31       0C4E
_obtemNivelDeBateria                                text2        04BD
_obtemQuantidadeDeSensores                          text24       0249
_obtemTesteDoGoundBolt                              text1        0DFD
_operacoesEmTick                                    text53       0B91
_pulsosSemResposta                                  bssBANK1     00DC
_respostaOk                                         bssBANK1     00E6
_setaSaidaEm20Volts                                 text23       0961
_setaSaidaEm9Volts                                  text21       0966
_sprintf                                            text26       0028
_strlen                                             text25       0B3F
_tempoDeReacaoDoSensor                              bssCOMMON    0070
_tensaoDeSaida                                      bssBANK1     00E3
_testaSaidaPulsadaEm20Volts                         text17       0659
_testaSaidaPulsadaEm9Volts                          text16       0598
_trataEntradaPulsada                                text52       0D32
_trataInterrupcao                                   text51       0B1A
btemp                                               (abs)        007E
checaBotaoAjustes@contador                          cstackBANK0  0020
clear_ram0                                          clrtext      0972
delay_ms@contador                                   cstackBANK0  0024
delay_ms@valor                                      cstackBANK0  0020
delay_us@contador                                   cstackBANK0  0022
delay_us@valor                                      cstackBANK0  0020
end_of_initialization                               cinit        0024
enviaStringPelaUart@str                             cstackBANK0  0026
enviaStringPelaUart@tamanho                         cstackBANK0  0028
enviaStringPelaUart@vetor                           cstackBANK0  002D
exibeQuantidadeDeSensores@quantidade                cstackBANK0  0020
interrupt_function                                  intentry     0004
intlevel0                                           functab      0000
intlevel1                                           functab      0000
intlevel2                                           functab      0000
intlevel3                                           functab      0000
intlevel4                                           functab      0000
intlevel5                                           functab      0000
isdigit@c                                           cstackBANK0  0021
liga_PWM2@dutyCycle                                 cstackBANK0  0023
liga_PWM2@freqPWM                                   cstackBANK0  0021
liga_PWM2@freq_pwm                                  cstackBANK0  0022
main@mensagem                                       cstackBANK3  0190
obtemConvercaoAD@canal                              cstackBANK0  002C
obtemConvercaoAD@valor                              cstackBANK0  002D
obtemNivelDeBateria@mensagem                        cstackBANK1  00A0
obtemNivelDeBateria@nivelDaBateria                  cstackBANK1  00D2
obtemQuantidadeDeSensores@mensagem                  cstackBANK1  00A0
obtemQuantidadeDeSensores@resultadoObtidoDoSensores cstackBANK1  00D2
obtemTesteDoGoundBolt@mensagem                      cstackBANK1  00A0
obtemTesteDoGoundBolt@resultadoDoTesteDoGB          cstackBANK1  00D2
operacoesEmTick@contadorDe100ms                     bssBANK1     00D6
operacoesEmTick@contadorDe1s                        bssBANK1     00D4
reset_vec                                           reset_vec    0000
saved_w                                             (abs)        007E
sprintf@ap                                          cstackBANK0  0037
sprintf@c                                           cstackBANK0  003D
sprintf@f                                           cstackBANK0  0030
sprintf@flag                                        cstackBANK0  003A
sprintf@prec                                        cstackBANK0  0036
sprintf@sp                                          cstackBANK0  002E
sprintf@val                                         cstackBANK0  0038
sprintf@width                                       cstackBANK0  003B
stackhi                                             (abs)        0000
stacklo                                             (abs)        0000
start                                               init         0012
start_initialization                                cinit        0015
strlen@cp                                           cstackBANK0  0024
strlen@s                                            cstackBANK0  0020
trataEntradaPulsada@amplitude                       cstackCOMMON 0076
wtemp0                                              (abs)        007E


FUNCTION INFORMATION:

 *************** function _main *****************
 Defined at:
		line 175 in file "src/main.c"
 Parameters:    Size  Location     Type
		None
 Auto vars:     Size  Location     Type
  mensagem       50    0[BANK3 ] unsigned char [50]
 Return value:  Size  Location     Type
                  1    wreg      void 
 Registers used:
		wreg, fsr0l, fsr0h, status,2, status,0, btemp+1, pclath, cstack
 Tracked objects:
		On entry : 
		On exit  : 
		Unchanged: 
 Data sizes:     COMMON   BANK0   BANK1   BANK3   BANK2
      Params:         0       0       0       0       0
      Locals:         0       0       0      50       0
      Temps:          0       1       0       0       0
      Totals:         0       1       0      50       0
Total ram usage:       51 bytes
 Hardware stack levels required when called:    7
 This function calls:
		_INT0_init
		_checaBotaoAjustes
		_delay_ms
		_entraEmModoAjuste
		_enviaStringPelaUart
		_executaTesteDosSensores
		_exibeNumeroNenhum
		_exibeNumeroP
		_giraDisplay
		_iniHardware
		_iniTimer1
		_iniUart
		_inicializaDisplay
		_ligaLEDVerdeBateria
		_ligaLEDVermelhoBateria
		_ligaModuloBoost
		_liga_PWM2
		_obtemNivelDeBateria
		_obtemTesteDoGoundBolt
		_setaSaidaEm9Volts
		_sprintf
		_strlen
 This function is called by:
		Startup code after reset
 This function uses a non-reentrant model


 *************** function _obtemTesteDoGoundBolt *****************
 Defined at:
		line 596 in file "src/main.c"
 Parameters:    Size  Location     Type
		None
 Auto vars:     Size  Location     Type
  mensagem       50    0[BANK1 ] unsigned char [50]
  resultadoDoT    2   50[BANK1 ] unsigned int 
 Return value:  Size  Location     Type
                  1    wreg      void 
 Registers used:
		wreg, fsr0l, fsr0h, status,2, status,0, btemp+1, pclath, cstack
 Tracked objects:
		On entry : 
		On exit  : 
		Unchanged: 
 Data sizes:     COMMON   BANK0   BANK1   BANK3   BANK2
      Params:         0       0       0       0       0
      Locals:         0       0      52       0       0
      Temps:          0       1       0       0       0
      Totals:         0       1      52       0       0
Total ram usage:       53 bytes
 Hardware stack levels used:    1
 Hardware stack levels required when called:    4
 This function calls:
		_enviaStringPelaUart
		_obtemConvercaoAD
		_sprintf
		_strlen
 This function is called by:
		_main
 This function uses a non-reentrant model


 *************** function _obtemNivelDeBateria *****************
 Defined at:
		line 557 in file "src/main.c"
 Parameters:    Size  Location     Type
		None
 Auto vars:     Size  Location     Type
  mensagem       50    0[BANK1 ] unsigned char [50]
  nivelDaBater    2   50[BANK1 ] unsigned int 
 Return value:  Size  Location     Type
                  1    wreg      void 
 Registers used:
		wreg, fsr0l, fsr0h, status,2, status,0, btemp+1, pclath, cstack
 Tracked objects:
		On entry : 
		On exit  : 
		Unchanged: 
 Data sizes:     COMMON   BANK0   BANK1   BANK3   BANK2
      Params:         0       0       0       0       0
      Locals:         0       0      52       0       0
      Temps:          0       1       0       0       0
      Totals:         0       1      52       0       0
Total ram usage:       53 bytes
 Hardware stack levels used:    1
 Hardware stack levels required when called:    4
 This function calls:
		_enviaStringPelaUart
		_ligaLEDVerdeBateria
		_ligaLEDVermelhoBateria
		_obtemConvercaoAD
		_sprintf
		_strlen
 This function is called by:
		_main
 This function uses a non-reentrant model


 *************** function _ligaLEDVermelhoBateria *****************
 Defined at:
		line 587 in file "src/main.c"
 Parameters:    Size  Location     Type
		None
 Auto vars:     Size  Location     Type
		None
 Return value:  Size  Location     Type
                  1    wreg      void 
 Registers used:
		None
 Tracked objects:
		On entry : 
		On exit  : 
		Unchanged: 
 Data sizes:     COMMON   BANK0   BANK1   BANK3   BANK2
      Params:         0       0       0       0       0
      Locals:         0       0       0       0       0
      Temps:          0       0       0       0       0
      Totals:         0       0       0       0       0
Total ram usage:        0 bytes
 Hardware stack levels used:    1
 Hardware stack levels required when called:    2
 This function calls:
		Nothing
 This function is called by:
		_main
		_obtemNivelDeBateria
 This function uses a non-reentrant model


 *************** function _ligaLEDVerdeBateria *****************
 Defined at:
		line 591 in file "src/main.c"
 Parameters:    Size  Location     Type
		None
 Auto vars:     Size  Location     Type
		None
 Return value:  Size  Location     Type
                  1    wreg      void 
 Registers used:
		None
 Tracked objects:
		On entry : 
		On exit  : 
		Unchanged: 
 Data sizes:     COMMON   BANK0   BANK1   BANK3   BANK2
      Params:         0       0       0       0       0
      Locals:         0       0       0       0       0
      Temps:          0       0       0       0       0
      Totals:         0       0       0       0       0
Total ram usage:        0 bytes
 Hardware stack levels used:    1
 Hardware stack levels required when called:    2
 This function calls:
		Nothing
 This function is called by:
		_main
		_obtemNivelDeBateria
 This function uses a non-reentrant model


 *************** function _liga_PWM2 *****************
 Defined at:
		line 139 in file "src/hardware.c"
 Parameters:    Size  Location     Type
  freq_pwm        1    wreg     unsigned char 
 Auto vars:     Size  Location     Type
  freq_pwm        1    2[BANK0 ] unsigned char 
  dutyCycle       1    3[BANK0 ] unsigned char 
  freqPWM         1    1[BANK0 ] unsigned char 
 Return value:  Size  Location     Type
                  1    wreg      void 
 Registers used:
		wreg, status,2, status,0
 Tracked objects:
		On entry : 
		On exit  : 
		Unchanged: 
 Data sizes:     COMMON   BANK0   BANK1   BANK3   BANK2
      Params:         0       0       0       0       0
      Locals:         0       3       0       0       0
      Temps:          0       1       0       0       0
      Totals:         0       4       0       0       0
Total ram usage:        4 bytes
 Hardware stack levels used:    1
 Hardware stack levels required when called:    2
 This function calls:
		Nothing
 This function is called by:
		_main
 This function uses a non-reentrant model


 *************** function _inicializaDisplay *****************
 Defined at:
		line 908 in file "src/main.c"
 Parameters:    Size  Location     Type
		None
 Auto vars:     Size  Location     Type
		None
 Return value:  Size  Location     Type
                  1    wreg      void 
 Registers used:
		wreg, status,2, status,0, pclath, cstack
 Tracked objects:
		On entry : 
		On exit  : 
		Unchanged: 
 Data sizes:     COMMON   BANK0   BANK1   BANK3   BANK2
      Params:         0       0       0       0       0
      Locals:         0       0       0       0       0
      Temps:          0       0       0       0       0
      Totals:         0       0       0       0       0
Total ram usage:        0 bytes
 Hardware stack levels used:    1
 Hardware stack levels required when called:    3
 This function calls:
		_delay_ms
		_desligaPainelLed
		_exibeNumero8
		_exibeNumeroNenhum
		_ligaPainelLed
 This function is called by:
		_main
 This function uses a non-reentrant model


 *************** function _ligaPainelLed *****************
 Defined at:
		line 918 in file "src/main.c"
 Parameters:    Size  Location     Type
		None
 Auto vars:     Size  Location     Type
		None
 Return value:  Size  Location     Type
                  1    wreg      void 
 Registers used:
		None
 Tracked objects:
		On entry : 
		On exit  : 
		Unchanged: 
 Data sizes:     COMMON   BANK0   BANK1   BANK3   BANK2
      Params:         0       0       0       0       0
      Locals:         0       0       0       0       0
      Temps:          0       0       0       0       0
      Totals:         0       0       0       0       0
Total ram usage:        0 bytes
 Hardware stack levels used:    1
 Hardware stack levels required when called:    2
 This function calls:
		Nothing
 This function is called by:
		_inicializaDisplay
 This function uses a non-reentrant model


 *************** function _exibeNumeroNenhum *****************
 Defined at:
		line 854 in file "src/main.c"
 Parameters:    Size  Location     Type
		None
 Auto vars:     Size  Location     Type
		None
 Return value:  Size  Location     Type
                  1    wreg      void 
 Registers used:
		None
 Tracked objects:
		On entry : 
		On exit  : 
		Unchanged: 
 Data sizes:     COMMON   BANK0   BANK1   BANK3   BANK2
      Params:         0       0       0       0       0
      Locals:         0       0       0       0       0
      Temps:          0       0       0       0       0
      Totals:         0       0       0       0       0
Total ram usage:        0 bytes
 Hardware stack levels used:    1
 Hardware stack levels required when called:    2
 This function calls:
		Nothing
 This function is called by:
		_main
		_inicializaDisplay
 This function uses a non-reentrant model


 *************** function _desligaPainelLed *****************
 Defined at:
		line 928 in file "src/main.c"
 Parameters:    Size  Location     Type
		None
 Auto vars:     Size  Location     Type
		None
 Return value:  Size  Location     Type
                  1    wreg      void 
 Registers used:
		None
 Tracked objects:
		On entry : 
		On exit  : 
		Unchanged: 
 Data sizes:     COMMON   BANK0   BANK1   BANK3   BANK2
      Params:         0       0       0       0       0
      Locals:         0       0       0       0       0
      Temps:          0       0       0       0       0
      Totals:         0       0       0       0       0
Total ram usage:        0 bytes
 Hardware stack levels used:    1
 Hardware stack levels required when called:    2
 This function calls:
		Nothing
 This function is called by:
		_inicializaDisplay
 This function uses a non-reentrant model


 *************** function _iniUart *****************
 Defined at:
		line 114 in file "src/hardware.c"
 Parameters:    Size  Location     Type
		None
 Auto vars:     Size  Location     Type
		None
 Return value:  Size  Location     Type
                  1    wreg      void 
 Registers used:
		wreg
 Tracked objects:
		On entry : 
		On exit  : 
		Unchanged: 
 Data sizes:     COMMON   BANK0   BANK1   BANK3   BANK2
      Params:         0       0       0       0       0
      Locals:         0       0       0       0       0
      Temps:          0       0       0       0       0
      Totals:         0       0       0       0       0
Total ram usage:        0 bytes
 Hardware stack levels used:    1
 Hardware stack levels required when called:    2
 This function calls:
		Nothing
 This function is called by:
		_main
 This function uses a non-reentrant model


 *************** function _iniTimer1 *****************
 Defined at:
		line 103 in file "src/hardware.c"
 Parameters:    Size  Location     Type
		None
 Auto vars:     Size  Location     Type
		None
 Return value:  Size  Location     Type
                  1    wreg      void 
 Registers used:
		wreg, status,2, status,0
 Tracked objects:
		On entry : 
		On exit  : 
		Unchanged: 
 Data sizes:     COMMON   BANK0   BANK1   BANK3   BANK2
      Params:         0       0       0       0       0
      Locals:         0       0       0       0       0
      Temps:          0       0       0       0       0
      Totals:         0       0       0       0       0
Total ram usage:        0 bytes
 Hardware stack levels used:    1
 Hardware stack levels required when called:    2
 This function calls:
		Nothing
 This function is called by:
		_main
 This function uses a non-reentrant model


 *************** function _iniHardware *****************
 Defined at:
		line 11 in file "src/hardware.c"
 Parameters:    Size  Location     Type
		None
 Auto vars:     Size  Location     Type
		None
 Return value:  Size  Location     Type
                  1    wreg      void 
 Registers used:
		None
 Tracked objects:
		On entry : 
		On exit  : 
		Unchanged: 
 Data sizes:     COMMON   BANK0   BANK1   BANK3   BANK2
      Params:         0       0       0       0       0
      Locals:         0       0       0       0       0
      Temps:          0       0       0       0       0
      Totals:         0       0       0       0       0
Total ram usage:        0 bytes
 Hardware stack levels used:    1
 Hardware stack levels required when called:    2
 This function calls:
		Nothing
 This function is called by:
		_main
 This function uses a non-reentrant model


 *************** function _giraDisplay *****************
 Defined at:
		line 876 in file "src/main.c"
 Parameters:    Size  Location     Type
		None
 Auto vars:     Size  Location     Type
		None
 Return value:  Size  Location     Type
                  1    wreg      void 
 Registers used:
		wreg, status,2, status,0, pclath, cstack
 Tracked objects:
		On entry : 
		On exit  : 
		Unchanged: 
 Data sizes:     COMMON   BANK0   BANK1   BANK3   BANK2
      Params:         0       0       0       0       0
      Locals:         0       0       0       0       0
      Temps:          0       0       0       0       0
      Totals:         0       0       0       0       0
Total ram usage:        0 bytes
 Hardware stack levels used:    1
 Hardware stack levels required when called:    3
 This function calls:
		_delay_ms
 This function is called by:
		_main
 This function uses a non-reentrant model


 *************** function _exibeNumeroP *****************
 Defined at:
		line 865 in file "src/main.c"
 Parameters:    Size  Location     Type
		None
 Auto vars:     Size  Location     Type
		None
 Return value:  Size  Location     Type
                  1    wreg      void 
 Registers used:
		None
 Tracked objects:
		On entry : 
		On exit  : 
		Unchanged: 
 Data sizes:     COMMON   BANK0   BANK1   BANK3   BANK2
      Params:         0       0       0       0       0
      Locals:         0       0       0       0       0
      Temps:          0       0       0       0       0
      Totals:         0       0       0       0       0
Total ram usage:        0 bytes
 Hardware stack levels used:    1
 Hardware stack levels required when called:    2
 This function calls:
		Nothing
 This function is called by:
		_main
 This function uses a non-reentrant model


 *************** function _executaTesteDosSensores *****************
 Defined at:
		line 238 in file "src/main.c"
 Parameters:    Size  Location     Type
		None
 Auto vars:     Size  Location     Type
		None
 Return value:  Size  Location     Type
                  1    wreg      void 
 Registers used:
		wreg, fsr0l, fsr0h, status,2, status,0, btemp+1, pclath, cstack
 Tracked objects:
		On entry : 
		On exit  : 
		Unchanged: 
 Data sizes:     COMMON   BANK0   BANK1   BANK3   BANK2
      Params:         0       0       0       0       0
      Locals:         0       0       0       0       0
      Temps:          0       0       0       0       0
      Totals:         0       0       0       0       0
Total ram usage:        0 bytes
 Hardware stack levels used:    1
 Hardware stack levels required when called:    5
 This function calls:
		_atualizaPainelDeLed
		_exibeQuantidadeDeSensores
		_obtemQuantidadeDeSensores
		_testaSaidaPulsadaEm20Volts
		_testaSaidaPulsadaEm9Volts
 This function is called by:
		_main
 This function uses a non-reentrant model


 *************** function _testaSaidaPulsadaEm9Volts *****************
 Defined at:
		line 291 in file "src/main.c"
 Parameters:    Size  Location     Type
		None
 Auto vars:     Size  Location     Type
		None
 Return value:  Size  Location     Type
                  1    wreg      void 
 Registers used:
		wreg, status,2, status,0, pclath, cstack
 Tracked objects:
		On entry : 
		On exit  : 
		Unchanged: 
 Data sizes:     COMMON   BANK0   BANK1   BANK3   BANK2
      Params:         0       0       0       0       0
      Locals:         0       0       0       0       0
      Temps:          0       1       0       0       0
      Totals:         0       1       0       0       0
Total ram usage:        1 bytes
 Hardware stack levels used:    1
 Hardware stack levels required when called:    3
 This function calls:
		_delay_ms
		_setaSaidaEm9Volts
 This function is called by:
		_executaTesteDosSensores
 This function uses a non-reentrant model


 *************** function _testaSaidaPulsadaEm20Volts *****************
 Defined at:
		line 337 in file "src/main.c"
 Parameters:    Size  Location     Type
		None
 Auto vars:     Size  Location     Type
		None
 Return value:  Size  Location     Type
                  1    wreg      void 
 Registers used:
		wreg, status,2, status,0, pclath, cstack
 Tracked objects:
		On entry : 
		On exit  : 
		Unchanged: 
 Data sizes:     COMMON   BANK0   BANK1   BANK3   BANK2
      Params:         0       0       0       0       0
      Locals:         0       0       0       0       0
      Temps:          0       1       0       0       0
      Totals:         0       1       0       0       0
Total ram usage:        1 bytes
 Hardware stack levels used:    1
 Hardware stack levels required when called:    3
 This function calls:
		_delay_ms
		_setaSaidaEm20Volts
 This function is called by:
		_executaTesteDosSensores
 This function uses a non-reentrant model


 *************** function _atualizaPainelDeLed *****************
 Defined at:
		line 250 in file "src/main.c"
 Parameters:    Size  Location     Type
		None
 Auto vars:     Size  Location     Type
		None
 Return value:  Size  Location     Type
                  1    wreg      void 
 Registers used:
		wreg, status,2, status,0
 Tracked objects:
		On entry : 
		On exit  : 
		Unchanged: 
 Data sizes:     COMMON   BANK0   BANK1   BANK3   BANK2
      Params:         0       0       0       0       0
      Locals:         0       0       0       0       0
      Temps:          0       0       0       0       0
      Totals:         0       0       0       0       0
Total ram usage:        0 bytes
 Hardware stack levels used:    1
 Hardware stack levels required when called:    2
 This function calls:
		Nothing
 This function is called by:
		_executaTesteDosSensores
 This function uses a non-reentrant model


 *************** function _entraEmModoAjuste *****************
 Defined at:
		line 1012 in file "src/main.c"
 Parameters:    Size  Location     Type
		None
 Auto vars:     Size  Location     Type
		None
 Return value:  Size  Location     Type
                  1    wreg      void 
 Registers used:
		wreg, fsr0l, fsr0h, status,2, status,0, btemp+1, pclath, cstack
 Tracked objects:
		On entry : 
		On exit  : 
		Unchanged: 
 Data sizes:     COMMON   BANK0   BANK1   BANK3   BANK2
      Params:         0       0       0       0       0
      Locals:         0       0       0       0       0
      Temps:          0       0       0       0       0
      Totals:         0       0       0       0       0
Total ram usage:        0 bytes
 Hardware stack levels used:    1
 Hardware stack levels required when called:    6
 This function calls:
		_checaBotaoAjustes
		_delay_ms
		_desligaModuloBoost
		_ligaModuloBoost
		_modoTeste20
		_modoTeste9
		_setaSaidaEm20Volts
		_setaSaidaEm9Volts
 This function is called by:
		_main
 This function uses a non-reentrant model


 *************** function _modoTeste9 *****************
 Defined at:
		line 1038 in file "src/main.c"
 Parameters:    Size  Location     Type
		None
 Auto vars:     Size  Location     Type
		None
 Return value:  Size  Location     Type
                  1    wreg      void 
 Registers used:
		wreg, fsr0l, fsr0h, status,2, status,0, btemp+1, pclath, cstack
 Tracked objects:
		On entry : 
		On exit  : 
		Unchanged: 
 Data sizes:     COMMON   BANK0   BANK1   BANK3   BANK2
      Params:         0       0       0       0       0
      Locals:         0       0       0       0       0
      Temps:          0       0       0       0       0
      Totals:         0       0       0       0       0
Total ram usage:        0 bytes
 Hardware stack levels used:    1
 Hardware stack levels required when called:    5
 This function calls:
		_delay_ms
		_exibeQuantidadeDeSensores
		_obtemQuantidadeDeSensores
		_setaSaidaEm9Volts
 This function is called by:
		_entraEmModoAjuste
 This function uses a non-reentrant model


 *************** function _setaSaidaEm9Volts *****************
 Defined at:
		line 269 in file "src/main.c"
 Parameters:    Size  Location     Type
		None
 Auto vars:     Size  Location     Type
		None
 Return value:  Size  Location     Type
                  1    wreg      void 
 Registers used:
		None
 Tracked objects:
		On entry : 
		On exit  : 
		Unchanged: 
 Data sizes:     COMMON   BANK0   BANK1   BANK3   BANK2
      Params:         0       0       0       0       0
      Locals:         0       0       0       0       0
      Temps:          0       0       0       0       0
      Totals:         0       0       0       0       0
Total ram usage:        0 bytes
 Hardware stack levels used:    1
 Hardware stack levels required when called:    2
 This function calls:
		Nothing
 This function is called by:
		_main
		_testaSaidaPulsadaEm9Volts
		_entraEmModoAjuste
		_modoTeste9
 This function uses a non-reentrant model


 *************** function _modoTeste20 *****************
 Defined at:
		line 1081 in file "src/main.c"
 Parameters:    Size  Location     Type
		None
 Auto vars:     Size  Location     Type
		None
 Return value:  Size  Location     Type
                  1    wreg      void 
 Registers used:
		wreg, fsr0l, fsr0h, status,2, status,0, btemp+1, pclath, cstack
 Tracked objects:
		On entry : 
		On exit  : 
		Unchanged: 
 Data sizes:     COMMON   BANK0   BANK1   BANK3   BANK2
      Params:         0       0       0       0       0
      Locals:         0       0       0       0       0
      Temps:          0       0       0       0       0
      Totals:         0       0       0       0       0
Total ram usage:        0 bytes
 Hardware stack levels used:    1
 Hardware stack levels required when called:    5
 This function calls:
		_delay_ms
		_exibeQuantidadeDeSensores
		_obtemQuantidadeDeSensores
		_setaSaidaEm20Volts
 This function is called by:
		_entraEmModoAjuste
 This function uses a non-reentrant model


 *************** function _setaSaidaEm20Volts *****************
 Defined at:
		line 274 in file "src/main.c"
 Parameters:    Size  Location     Type
		None
 Auto vars:     Size  Location     Type
		None
 Return value:  Size  Location     Type
                  1    wreg      void 
 Registers used:
		None
 Tracked objects:
		On entry : 
		On exit  : 
		Unchanged: 
 Data sizes:     COMMON   BANK0   BANK1   BANK3   BANK2
      Params:         0       0       0       0       0
      Locals:         0       0       0       0       0
      Temps:          0       0       0       0       0
      Totals:         0       0       0       0       0
Total ram usage:        0 bytes
 Hardware stack levels used:    1
 Hardware stack levels required when called:    2
 This function calls:
		Nothing
 This function is called by:
		_testaSaidaPulsadaEm20Volts
		_entraEmModoAjuste
		_modoTeste20
 This function uses a non-reentrant model


 *************** function _obtemQuantidadeDeSensores *****************
 Defined at:
		line 385 in file "src/main.c"
 Parameters:    Size  Location     Type
		None
 Auto vars:     Size  Location     Type
  mensagem       50    0[BANK1 ] unsigned char [50]
  resultadoObt    2   50[BANK1 ] unsigned int 
  numeroDePuls    2    0        unsigned int 
 Return value:  Size  Location     Type
                  1    wreg      void 
 Registers used:
		wreg, fsr0l, fsr0h, status,2, status,0, btemp+1, pclath, cstack
 Tracked objects:
		On entry : 
		On exit  : 
		Unchanged: 
 Data sizes:     COMMON   BANK0   BANK1   BANK3   BANK2
      Params:         0       0       0       0       0
      Locals:         0       0      52       0       0
      Temps:          0       1       0       0       0
      Totals:         0       1      52       0       0
Total ram usage:       53 bytes
 Hardware stack levels used:    1
 Hardware stack levels required when called:    4
 This function calls:
		_enviaStringPelaUart
		_obtemConvercaoAD
		_sprintf
		_strlen
 This function is called by:
		_executaTesteDosSensores
		_modoTeste9
		_modoTeste20
 This function uses a non-reentrant model


[...]
      Locals:         0       0       0       0       0
      Temps:          0       0       0       0       0
      Totals:         0       0       0       0       0
Total ram usage:        0 bytes
 Hardware stack levels used:    1
 Hardware stack levels required when called:    2
 This function calls:
		Nothing
 This function is called by:
		_exibeQuantidadeDeSensores
 This function uses a non-reentrant model


 *************** function _exibeNumero8 *****************
 Defined at:
		line 774 in file "src/main.c"
 Parameters:    Size  Location     Type
		None
 Auto vars:     Size  Location     Type
		None
 Return value:  Size  Location     Type
                  1    wreg      void 
 Registers used:
		None
 Tracked objects:
		On entry : 
		On exit  : 
		Unchanged: 
 Data sizes:     COMMON   BANK0   BANK1   BANK3   BANK2
      Params:         0       0       0       0       0
      Locals:         0       0       0       0       0
      Temps:          0       0       0       0       0
      Totals:         0       0       0       0       0
Total ram usage:        0 bytes
 Hardware stack levels used:    1
 Hardware stack levels required when called:    2
 This function calls:
		Nothing
 This function is called by:
		_exibeQuantidadeDeSensores
		_inicializaDisplay
 This function uses a non-reentrant model


 *************** function _exibeNumero7 *****************
 Defined at:
		line 764 in file "src/main.c"
 Parameters:    Size  Location     Type
		None
 Auto vars:     Size  Location     Type
		None
 Return value:  Size  Location     Type
                  1    wreg      void 
 Registers used:
		None
 Tracked objects:
		On entry : 
		On exit  : 
		Unchanged: 
 Data sizes:     COMMON   BANK0   BANK1   BANK3   BANK2
      Params:         0       0       0       0       0
      Locals:         0       0       0       0       0
      Temps:          0       0       0       0       0
      Totals:         0       0       0       0       0
Total ram usage:        0 bytes
 Hardware stack levels used:    1
 Hardware stack levels required when called:    2
 This function calls:
		Nothing
 This function is called by:
		_exibeQuantidadeDeSensores
 This function uses a non-reentrant model


 *************** function _exibeNumero6 *****************
 Defined at:
		line 754 in file "src/main.c"
 Parameters:    Size  Location     Type
		None
 Auto vars:     Size  Location     Type
		None
 Return value:  Size  Location     Type
                  1    wreg      void 
 Registers used:
		None
 Tracked objects:
		On entry : 
		On exit  : 
		Unchanged: 
 Data sizes:     COMMON   BANK0   BANK1   BANK3   BANK2
      Params:         0       0       0       0       0
      Locals:         0       0       0       0       0
      Temps:          0       0       0       0       0
      Totals:         0       0       0       0       0
Total ram usage:        0 bytes
 Hardware stack levels used:    1
 Hardware stack levels required when called:    2
 This function calls:
		Nothing
 This function is called by:
		_exibeQuantidadeDeSensores
 This function uses a non-reentrant model


 *************** function _exibeNumero5 *****************
 Defined at:
		line 744 in file "src/main.c"
 Parameters:    Size  Location     Type
		None
 Auto vars:     Size  Location     Type
		None
 Return value:  Size  Location     Type
                  1    wreg      void 
 Registers used:
		None
 Tracked objects:
		On entry : 
		On exit  : 
		Unchanged: 
 Data sizes:     COMMON   BANK0   BANK1   BANK3   BANK2
      Params:         0       0       0       0       0
      Locals:         0       0       0       0       0
      Temps:          0       0       0       0       0
      Totals:         0       0       0       0       0
Total ram usage:        0 bytes
 Hardware stack levels used:    1
 Hardware stack levels required when called:    2
 This function calls:
		Nothing
 This function is called by:
		_exibeQuantidadeDeSensores
 This function uses a non-reentrant model


 *************** function _exibeNumero4 *****************
 Defined at:
		line 734 in file "src/main.c"
 Parameters:    Size  Location     Type
		None
 Auto vars:     Size  Location     Type
		None
 Return value:  Size  Location     Type
                  1    wreg      void 
 Registers used:
		None
 Tracked objects:
		On entry : 
		On exit  : 
		Unchanged: 
 Data sizes:     COMMON   BANK0   BANK1   BANK3   BANK2
      Params:         0       0       0       0       0
      Locals:         0       0       0       0       0
      Temps:          0       0       0       0       0
      Totals:         0       0       0       0       0
Total ram usage:        0 bytes
 Hardware stack levels used:    1
 Hardware stack levels required when called:    2
 This function calls:
		Nothing
 This function is called by:
		_exibeQuantidadeDeSensores
 This function uses a non-reentrant model


 *************** function _exibeNumero3 *****************
 Defined at:
		line 724 in file "src/main.c"
 Parameters:    Size  Location     Type
		None
 Auto vars:     Size  Location     Type
		None
 Return value:  Size  Location     Type
                  1    wreg      void 
 Registers used:
		None
 Tracked objects:
		On entry : 
		On exit  : 
		Unchanged: 
 Data sizes:     COMMON   BANK0   BANK1   BANK3   BANK2
      Params:         0       0       0       0       0
      Locals:         0       0       0       0       0
      Temps:          0       0       0       0       0
      Totals:         0       0       0       0       0
Total ram usage:        0 bytes
 Hardware stack levels used:    1
 Hardware stack levels required when called:    2
 This function calls:
		Nothing
 This function is called by:
		_exibeQuantidadeDeSensores
 This function uses a non-reentrant model


 *************** function _exibeNumero2 *****************
 Defined at:
		line 714 in file "src/main.c"
 Parameters:    Size  Location     Type
		None
 Auto vars:     Size  Location     Type
		None
 Return value:  Size  Location     Type
                  1    wreg      void 
 Registers used:
		None
 Tracked objects:
		On entry : 
		On exit  : 
		Unchanged: 
 Data sizes:     COMMON   BANK0   BANK1   BANK3   BANK2
      Params:         0       0       0       0       0
      Locals:         0       0       0       0       0
      Temps:          0       0       0       0       0
      Totals:         0       0       0       0       0
Total ram usage:        0 bytes
 Hardware stack levels used:    1
 Hardware stack levels required when called:    2
 This function calls:
		Nothing
 This function is called by:
		_exibeQuantidadeDeSensores
 This function uses a non-reentrant model


 *************** function _exibeNumero1 *****************
 Defined at:
		line 704 in file "src/main.c"
 Parameters:    Size  Location     Type
		None
 Auto vars:     Size  Location     Type
		None
 Return value:  Size  Location     Type
                  1    wreg      void 
 Registers used:
		None
 Tracked objects:
		On entry : 
		On exit  : 
		Unchanged: 
 Data sizes:     COMMON   BANK0   BANK1   BANK3   BANK2
      Params:         0       0       0       0       0
      Locals:         0       0       0       0       0
      Temps:          0       0       0       0       0
      Totals:         0       0       0       0       0
Total ram usage:        0 bytes
 Hardware stack levels used:    1
 Hardware stack levels required when called:    2
 This function calls:
		Nothing
 This function is called by:
		_exibeQuantidadeDeSensores
 This function uses a non-reentrant model


 *************** function _exibeNumero0 *****************
 Defined at:
		line 694 in file "src/main.c"
 Parameters:    Size  Location     Type
		None
 Auto vars:     Size  Location     Type
		None
 Return value:  Size  Location     Type
                  1    wreg      void 
 Registers used:
		None
 Tracked objects:
		On entry : 
		On exit  : 
		Unchanged: 
 Data sizes:     COMMON   BANK0   BANK1   BANK3   BANK2
      Params:         0       0       0       0       0
      Locals:         0       0       0       0       0
      Temps:          0       0       0       0       0
      Totals:         0       0       0       0       0
Total ram usage:        0 bytes
 Hardware stack levels used:    1
 Hardware stack levels required when called:    2
 This function calls:
		Nothing
 This function is called by:
		_exibeQuantidadeDeSensores
 This function uses a non-reentrant model


 *************** function _delay_ms *****************
 Defined at:
		line 183 in file "src/hardware.c"
 Parameters:    Size  Location     Type
  valor           2    0[BANK0 ] unsigned int 
 Auto vars:     Size  Location     Type
  contador        2    4[BANK0 ] unsigned int 
 Return value:  Size  Location     Type
                  1    wreg      void 
 Registers used:
		wreg, status,2, status,0
 Tracked objects:
		On entry : 
		On exit  : 
		Unchanged: 
 Data sizes:     COMMON   BANK0   BANK1   BANK3   BANK2
      Params:         0       2       0       0       0
      Locals:         0       2       0       0       0
      Temps:          0       2       0       0       0
      Totals:         0       6       0       0       0
Total ram usage:        6 bytes
 Hardware stack levels used:    1
 Hardware stack levels required when called:    2
 This function calls:
		Nothing
 This function is called by:
		_main
		_testaSaidaPulsadaEm9Volts
		_testaSaidaPulsadaEm20Volts
		_giraDisplay
		_inicializaDisplay
		_entraEmModoAjuste
		_modoTeste9
		_modoTeste20
 This function uses a non-reentrant model


 *************** function _ligaModuloBoost *****************
 Defined at:
		line 261 in file "src/main.c"
 Parameters:    Size  Location     Type
		None
 Auto vars:     Size  Location     Type
		None
 Return value:  Size  Location     Type
                  1    wreg      void 
 Registers used:
		None
 Tracked objects:
		On entry : 
		On exit  : 
		Unchanged: 
 Data sizes:     COMMON   BANK0   BANK1   BANK3   BANK2
      Params:         0       0       0       0       0
      Locals:         0       0       0       0       0
      Temps:          0       0       0       0       0
      Totals:         0       0       0       0       0
Total ram usage:        0 bytes
 Hardware stack levels used:    1
 Hardware stack levels required when called:    2
 This function calls:
		Nothing
 This function is called by:
		_main
		_entraEmModoAjuste
 This function uses a non-reentrant model


 *************** function _desligaModuloBoost *****************
 Defined at:
		line 265 in file "src/main.c"
 Parameters:    Size  Location     Type
		None
 Auto vars:     Size  Location     Type
		None
 Return value:  Size  Location     Type
                  1    wreg      void 
 Registers used:
		None
 Tracked objects:
		On entry : 
		On exit  : 
		Unchanged: 
 Data sizes:     COMMON   BANK0   BANK1   BANK3   BANK2
      Params:         0       0       0       0       0
      Locals:         0       0       0       0       0
      Temps:          0       0       0       0       0
      Totals:         0       0       0       0       0
Total ram usage:        0 bytes
 Hardware stack levels used:    1
 Hardware stack levels required when called:    2
 This function calls:
		Nothing
 This function is called by:
		_entraEmModoAjuste
 This function uses a non-reentrant model


 *************** function _checaBotaoAjustes *****************
 Defined at:
		line 999 in file "src/main.c"
 Parameters:    Size  Location     Type
		None
 Auto vars:     Size  Location     Type
  contador        2    0[BANK0 ] unsigned int 
 Return value:  Size  Location     Type
                  1    wreg      unsigned char 
 Registers used:
		wreg, status,2, status,0
 Tracked objects:
		On entry : 
		On exit  : 
		Unchanged: 
 Data sizes:     COMMON   BANK0   BANK1   BANK3   BANK2
      Params:         0       0       0       0       0
      Locals:         0       2       0       0       0
      Temps:          0       0       0       0       0
      Totals:         0       2       0       0       0
Total ram usage:        2 bytes
 Hardware stack levels used:    1
 Hardware stack levels required when called:    2
 This function calls:
		Nothing
 This function is called by:
		_main
		_entraEmModoAjuste
 This function uses a non-reentrant model


 *************** function _INT0_init *****************
 Defined at:
		line 131 in file "src/hardware.c"
 Parameters:    Size  Location     Type
		None
 Auto vars:     Size  Location     Type
		None
 Return value:  Size  Location     Type
                  1    wreg      void 
 Registers used:
		None
 Tracked objects:
		On entry : 
		On exit  : 
		Unchanged: 
 Data sizes:     COMMON   BANK0   BANK1   BANK3   BANK2
      Params:         0       0       0       0       0
      Locals:         0       0       0       0       0
      Temps:          0       0       0       0       0
      Totals:         0       0       0       0       0
Total ram usage:        0 bytes
 Hardware stack levels used:    1
 Hardware stack levels required when called:    2
 This function calls:
		Nothing
 This function is called by:
		_main
 This function uses a non-reentrant model


 *************** function _trataInterrupcao *****************
 Defined at:
		line 136 in file "src/main.c"
 Parameters:    Size  Location     Type
		None
 Auto vars:     Size  Location     Type
		None
 Return value:  Size  Location     Type
                  1    wreg      void 
 Registers used:
		wreg, status,2, status,0, btemp+1, pclath, cstack
 Tracked objects:
		On entry : 
		On exit  : 
		Unchanged: 
 Data sizes:     COMMON   BANK0   BANK1   BANK3   BANK2
      Params:         0       0       0       0       0
      Locals:         0       0       0       0       0
      Temps:          4       0       0       0       0
      Totals:         4       0       0       0       0
Total ram usage:        4 bytes
 Hardware stack levels used:    1
 Hardware stack levels required when called:    1
 This function calls:
		_operacoesEmTick
		_trataEntradaPulsada
 This function is called by:
		Interrupt level 1
 This function uses a non-reentrant model


 *************** function _trataEntradaPulsada *****************
 Defined at:
		line 938 in file "src/main.c"
 Parameters:    Size  Location     Type
		None
 Auto vars:     Size  Location     Type
  mensagem       50    0        unsigned char [50]
  amplitude       2    0[COMMON] unsigned int 
 Return value:  Size  Location     Type
                  1    wreg      void 
 Registers used:
		wreg, status,2, status,0
 Tracked objects:
		On entry : 
		On exit  : 
		Unchanged: 
 Data sizes:     COMMON   BANK0   BANK1   BANK3   BANK2
      Params:         0       0       0       0       0
      Locals:         2       0       0       0       0
      Temps:          0       0       0       0       0
      Totals:         2       0       0       0       0
Total ram usage:        2 bytes
 Hardware stack levels used:    1
 This function calls:
		Nothing
 This function is called by:
		_trataInterrupcao
 This function uses a non-reentrant model


 *************** function _operacoesEmTick *****************
 Defined at:
		line 980 in file "src/main.c"
 Parameters:    Size  Location     Type
		None
 Auto vars:     Size  Location     Type
		None
 Return value:  Size  Location     Type
                  1    wreg      void 
 Registers used:
		wreg, status,2, status,0, btemp+1
 Tracked objects:
		On entry : 
		On exit  : 
		Unchanged: 
 Data sizes:     COMMON   BANK0   BANK1   BANK3   BANK2
      Params:         0       0       0       0       0
      Locals:         0       0       0       0       0
      Temps:          0       0       0       0       0
      Totals:         0       0       0       0       0
Total ram usage:        0 bytes
 Hardware stack levels used:    1
 This function calls:
		Nothing
 This function is called by:
		_trataInterrupcao
 This function uses a non-reentrant model



MODULE INFORMATION

Module		Function		Class		Link	Load	Size
C:\Program Files (x86)\Microchip\xc8\v1.45\sources\common\doprnt.c
		_sprintf       		CODE           	0028	0000	546

C:\Program Files (x86)\Microchip\xc8\v1.45\sources\common\doprnt.c estimated size: 546

C:\Program Files (x86)\Microchip\xc8\v1.45\sources\common\Umul16.c
		___wmul        		CODE           	0B67	0000	43

C:\Program Files (x86)\Microchip\xc8\v1.45\sources\common\Umul16.c estimated size: 43

src/serial_usart.c
		_enviaStringPelaUart		CODE           	0BCE	0000	62

src/serial_usart.c estimated size: 62

src/hardware.c
		_obtemConvercaoAD		CODE           	0C4E	0000	76
		_iniUart       		CODE           	0A46	0000	24
		_delay_us      		CODE           	0A78	0000	32
		_iniTimer1     		CODE           	0A12	0000	13
		_INT0_init     		CODE           	096B	0000	8
		_delay_ms      		CODE           	07D9	0000	40
		_liga_PWM2     		CODE           	0A5D	0000	28
		_iniHardware   		CODE           	0AF7	0000	36

src/hardware.c estimated size: 257

C:\Program Files (x86)\Microchip\xc8\v1.45\sources\common\isdigit.c
		_isdigit       		CODE           	0A30	0000	23

C:\Program Files (x86)\Microchip\xc8\v1.45\sources\common\isdigit.c estimated size: 23

C:\Program Files (x86)\Microchip\xc8\v1.45\sources\common\lwmod.c
		___lwmod       		CODE           	0C0B	0000	68

C:\Program Files (x86)\Microchip\xc8\v1.45\sources\common\lwmod.c estimated size: 68

src/main.c
		_entraEmModoAjuste		CODE           	0C99	0000	77
		_ligaModuloBoost		CODE           	0003	0000	2
		_setaSaidaEm9Volts		CODE           	0966	0000	6
		_obtemQuantidadeDeSensores		CODE           	0249	0000	367
		_testaSaidaPulsadaEm20Volts		CODE           	0659	0000	194
		_main          		CODE           	03B7	0000	263
		_checaBotaoAjustes		CODE           	0AD6	0000	34
		_exibeQuantidadeDeSensores		CODE           	0D8F	0000	111
		_exibeNumero0  		CODE           	097A	0000	11
		_exibeNumero1  		CODE           	0984	0000	11
		_exibeNumero2  		CODE           	098E	0000	11
		_exibeNumero3  		CODE           	0998	0000	11
		_exibeNumero4  		CODE           	09A2	0000	11
		_exibeNumero5  		CODE           	09AC	0000	11
		_exibeNumero6  		CODE           	09B6	0000	11
		_exibeNumero7  		CODE           	09C0	0000	11
		_exibeNumero8  		CODE           	09CA	0000	11
		_exibeNumero9  		CODE           	09D4	0000	11
		_exibeNumeroA  		CODE           	09DE	0000	11
		_exibeNumeroP  		CODE           	09FC	0000	12
		_operacoesEmTick		CODE           	0B91	0000	62
		_setaSaidaEm20Volts		CODE           	0961	0000	6
		_trataInterrupcao		CODE           	0B1A	0000	38
		_trataEntradaPulsada		CODE           	0D32	0000	94
		_ligaLEDVerdeBateria		CODE           	0959	0000	5
		_obtemNivelDeBateria		CODE           	04BD	0000	220
		_desligaModuloBoost		CODE           	0958	0000	2
		_giraDisplay   		CODE           	0E98	0000	170
		_inicializaDisplay		CODE           	0AB6	0000	33
		_exibeNumeroNenhum		CODE           	0A07	0000	12
		_ligaPainelLed 		CODE           	09F2	0000	11
		_executaTesteDosSensores		CODE           	0A97	0000	32
		_modoTeste9    		CODE           	071A	0000	192
		_modoTeste20   		CODE           	0F41	0000	192
		_desligaPainelLed		CODE           	09E8	0000	11
		_obtemTesteDoGoundBolt		CODE           	0DFD	0000	156
		_testaSaidaPulsadaEm9Volts		CODE           	0598	0000	194
		_ligaLEDVermelhoBateria		CODE           	095D	0000	5
		_atualizaPainelDeLed		CODE           	0A1E	0000	19

src/main.c estimated size: 2641

shared
		__stringtab    		STRING         	0800	0000	7
		_dpowers       		STRING         	0806	0000	11
		__initialization		CODE           	0015	0000	16

shared estimated size: 34

C:\Program Files (x86)\Microchip\xc8\v1.45\sources\common\lwdiv.c
		___lwdiv       		CODE           	0CE5	0000	78

C:\Program Files (x86)\Microchip\xc8\v1.45\sources\common\lwdiv.c estimated size: 78

C:\Program Files (x86)\Microchip\xc8\v1.45\sources\common\strlen.c
		_strlen        		CODE           	0B3F	0000	41

C:\Program Files (x86)\Microchip\xc8\v1.45\sources\common\strlen.c estimated size: 41

